edges
| Test.java:9:18:9:38 | getHostName(...) : String | Test.java:12:25:12:28 | temp |
nodes
| 25:12:28 | temp | semmle.label | tName(...) | User-provided value |
| Test.java:15:16:15:70 | getPath(...) | Test.java:15:49:15:69 | getenv(...) | Test.java:15:49:15:69 | getenv(...) | $@ flows to here and is used in a path. | Test.java:15:49:15:69 | getenv(...) | User-provided value |
